PS D:\web-dev\react_solidsail.course> git clone https://github.com/suvrajeet01/newsy_hacker-news.git
Cloning into 'newsy_hacker-news'...
remote: Enumerating objects: 3, done.
remote: Counting objects: 100% (3/3), done.
remote: Compressing objects: 100% (2/2), done.
remote: Total 3 (delta 0), reused 0 (delta 0), pack-reused 0
Receiving objects: 100% (3/3), done.
PS D:\web-dev\react_solidsail.course> 






PS D:\web-dev\react_solidsail.course> git clone https://github.com/suvrajeet01/newsy_hacker-news.git
Cloning into 'newsy_hacker-news'...
remote: Enumerating objects: 3, done.
remote: Counting objects: 100% (3/3), done.
remote: Compressing objects: 100% (2/2), done.
remote: Total 3 (delta 0), reused 0 (delta 0), pack-reused 0
Receiving objects: 100% (3/3), done.
PS D:\web-dev\react_solidsail.course> sh -c "$(curl -fsSL https://raw.github.com/ohmyzsh/ohmyzsh/master/tools/install.sh)"                                                                                                                      Invoke-WebRequest : A parameter cannot be found that matches parameter name 'fsSL'.                                     At line:1 char:15                                                                                                       
+ sh -c "$(curl -fsSL https://raw.github.com/ohmyzsh/ohmyzsh/master/too ...
+               ~~~~~
    + CategoryInfo          : InvalidArgument: (:) [Invoke-WebRequest], ParameterBindingException
    + FullyQualifiedErrorId : NamedParameterNotFound,Microsoft.PowerShell.Commands.InvokeWebRequestCommand
 
sh : The term 'sh' is not recognized as the name of a cmdlet, function, script file, or operable program. Check the 
spelling of the name, or if a path was included, verify that the path is correct and try again.
At line:1 char:1
+ sh -c "$(curl -fsSL https://raw.github.com/ohmyzsh/ohmyzsh/master/too ...
+ ~~
    + CategoryInfo          : ObjectNotFound: (sh:String) [], CommandNotFoundException
    + FullyQualifiedErrorId : CommandNotFoundException

PS D:\web-dev\react_solidsail.course> sh -c "$(wget https://raw.githubusercontent.com/ohmyzsh/ohmyzsh/master/tools/install.sh -O -)"
sh : The term 'sh' is not recognized as the name of a cmdlet, function, script file, or operable program. Check the 
spelling of the name, or if a path was included, verify that the path is correct and try again.
At line:1 char:1
+ sh -c "$(wget https://raw.githubusercontent.com/ohmyzsh/ohmyzsh/maste ...
+ ~~
    + CategoryInfo          : ObjectNotFound: (sh:String) [], CommandNotFoundException
    + FullyQualifiedErrorId : CommandNotFoundException

PS D:\web-dev\react_solidsail.course>clear






PS D:\web-dev\react_solidsail.course> npm install -g @ionic/cli
npm WARN deprecated formidable@1.2.6: Please upgrade to latest, formidable@v2 or formidable@v3! Check these notes: https://bit.ly/2ZEqIau
npm WARN deprecated superagent@5.3.1: Please upgrade to v7.0.2+ of superagent.  We have fixed numerous issues with streams, form-data, attach(), filesystem errors not bubbling up (ENOENT on attach()), and all tests are now passing.  See the releases tab for more information at <https://github.com/visionmedia/superagent/releases>.

added 220 packages in 31s

27 packages are looking for funding
  run `npm fund` for details
PS D:\web-dev\react_solidsail.course> npm install formidable@v3

added 6 packages in 3s

1 package is looking for funding
  run `npm fund` for details
PS D:\web-dev\react_solidsail.course> npm install superagent

added 27 packages, and audited 34 packages in 2s

8 packages are looking for funding
  run `npm fund` for details

found 0 vulnerabilities
PS D:\web-dev\react_solidsail.course> yarn add superagent
yarn : The term 'yarn' is not recognized as the name of a cmdlet, function, script file, or operable program. Check 
the spelling of the name, or if a path was included, verify that the path is correct and try again.
At line:1 char:1
+ yarn add superagent
+ ~~~~
    + CategoryInfo          : ObjectNotFound: (yarn:String) [], CommandNotFoundException
    + FullyQualifiedErrorId : CommandNotFoundException

PS D:\web-dev\react_solidsail.course>ctrl + l




PS D:\web-dev\react_solidsail.course> npm install -g @ionic/cli
npm WARN deprecated formidable@1.2.6: Please upgrade to latest, formidable@v2 or formidable@v3! Check these notes: https://bit.ly/2ZEqIau
npm WARN deprecated superagent@5.3.1: Please upgrade to v7.0.2+ of superagent.  We have fixed numerous issues with streams, form-data, attach(), filesystem errors not bubbling up (ENOENT on attach()), and all tests are now passing.  See the releases tab for more information at <https://github.com/visionmedia/superagent/releases>.

added 220 packages in 31s

PS D:\web-dev\react_solidsail.course> npm i -g firebase-tools
npm WARN deprecated uuid@3.4.0: Please upgrade  to version 7 or higher.  Older versions may use Math.random() in certain circumstances, which is known to be problematic.  See https://v8.dev/blog/math-random for details.
npm WARN deprecated request@2.88.2: request has been deprecated, see https://github.com/request/request/issues/3142     
npm WARN deprecated debug@4.1.1: Debug versions >=3.2.0 <3.2.7 || >=4 <4.3.1 have a low-severity ReDos regression when used in a Node.js environment. It is recommended you upgrade to 3.2.7 or 4.3.1. (https://github.com/visionmedia/debug/issues/797)
npm WARN deprecated har-validator@5.1.3: this library is no longer supported

added 673 packages in 23s

36 packages are looking for funding
  run `npm fund` for details
PS D:\web-dev\react_solidsail.course> npm fund
react_solidsail.course
├── https://ko-fi.com/tunnckoCore/commissions
│   └── formidable@2.1.1
└── https://github.com/sponsors/ljharb
    └── qs@6.11.0, side-channel@1.0.4, call-bind@1.0.2, get-intrinsic@1.1.3, has-symbols@1.0.3, object-inspect@1.12.2

PS D:\web-dev\react_solidsail.course> 








PS D:\web-dev\react_solidsail.course> npm install -g @ionic/cli
npm WARN deprecated formidable@1.2.6: Please upgrade to latest, formidable@v2 or formidable@v3! Check these notes: https://bit.ly/2ZEqIau
npm WARN deprecated superagent@5.3.1: Please upgrade to v7.0.2+ of superagent.  We have fixed numerous issues with streams, form-data, attach(), filesystem errors not bubbling up (ENOENT on attach()), and all tests are now passing.  See the releases tab for more information at <https://github.com/visionmedia/superagent/releases>.

added 220 packages in 31s

PS D:\web-dev\react_solidsail.course> npm i -g firebase-tools
npm WARN deprecated uuid@3.4.0: Please upgrade  to version 7 or higher.  Older versions may use Math.random() in certain circumstances, which is known to be problematic.  See https://v8.dev/blog/math-random for details.
npm WARN deprecated request@2.88.2: request has been deprecated, see https://github.com/request/request/issues/3142     
npm WARN deprecated debug@4.1.1: Debug versions >=3.2.0 <3.2.7 || >=4 <4.3.1 have a low-severity ReDos regression when used in a Node.js environment. It is recommended you upgrade to 3.2.7 or 4.3.1. (https://github.com/visionmedia/debug/issues/797)
npm WARN deprecated har-validator@5.1.3: this library is no longer supported

added 673 packages in 23s

36 packages are looking for funding
  run `npm fund` for details
PS D:\web-dev\react_solidsail.course> npm fund
react_solidsail.course
├── https://ko-fi.com/tunnckoCore/commissions
│   └── formidable@2.1.1
└── https://github.com/sponsors/ljharb
    └── qs@6.11.0, side-channel@1.0.4, call-bind@1.0.2, get-intrinsic@1.1.3, has-symbols@1.0.3, object-inspect@1.12.2

PS D:\web-dev\react_solidsail.course> cd .\newsy_hacker-news\
PS D:\web-dev\react_solidsail.course\newsy_hacker-news> pwd

Path
----
D:\web-dev\react_solidsail.course\newsy_hacker-news


PS D:\web-dev\react_solidsail.course\newsy_hacker-news> ls


    Directory: D:\web-dev\react_solidsail.course\newsy_hacker-news


Mode                 LastWriteTime         Length Name
----                 -------------         ------ ----
d-----        11-01-2023     05:53                node_modules
-a----        11-01-2023     05:49          17140 -
-a----        11-01-2023     05:53          12304 package-lock.json
-a----        11-01-2023     05:53             83 package.json
-a----        11-01-2023     05:47             70 README.md
-a----        11-01-2023     05:47              0 terminal commands with outputs.txt


PS D:\web-dev\react_solidsail.course\newsy_hacker-news> cd ..
PS D:\web-dev\react_solidsail.course> ls


    Directory: D:\web-dev\react_solidsail.course


Mode                 LastWriteTime         Length Name
----                 -------------         ------ ----
d-----        11-01-2023     05:56                newsy_hacker-news


PS D:\web-dev\react_solidsail.course> cd .\newsy_hacker-news\
PS D:\web-dev\react_solidsail.course\newsy_hacker-news> pwd

Path
----
D:\web-dev\react_solidsail.course\newsy_hacker-news


PS D:\web-dev\react_solidsail.course\newsy_hacker-news> ls


    Directory: D:\web-dev\react_solidsail.course\newsy_hacker-news


Mode                 LastWriteTime         Length Name
----                 -------------         ------ ----
d-----        11-01-2023     05:53                node_modules
-a----        11-01-2023     05:49          17140 -
-a----        11-01-2023     05:53          12304 package-lock.json
-a----        11-01-2023     05:53             83 package.json
-a----        11-01-2023     05:47             70 README.md
-a----        11-01-2023     05:47              0 terminal commands with outputs.txt


PS D:\web-dev\react_solidsail.course\newsy_hacker-news>clear






https://learn.microsoft.com/en-us/powershell/module/microsoft.powershell.core/about/about_execution_policies?view=powershell-7.3




PS D:\web-dev\react_solidsail.course\newsy_hacker-news> ionic start
ionic : File C:\Users\preda\AppData\Roaming\npm\ionic.ps1 cannot be loaded because running scripts is disabled on this 
system. For more information, see about_Execution_Policies at https:/go.microsoft.com/fwlink/?LinkID=135170.
At line:1 char:1
+ ionic start
+ ~~~~~
    + CategoryInfo          : SecurityError: (:) [], PSSecurityException
    + FullyQualifiedErrorId : UnauthorizedAccess
PS D:\web-dev\react_solidsail.course\newsy_hacker-news> Set-ExecutionPolicy -ExecutionPolicy RemoteSigned
Set-ExecutionPolicy : Access to the registry key 
'HKEY_LOCAL_MACHINE\SOFTWARE\Microsoft\PowerShell\1\ShellIds\Microsoft.PowerShell' is denied. To change the execution 
policy for the default (LocalMachine) scope, start Windows PowerShell with the "Run as administrator" option. To 
change the execution policy for the current user, run "Set-ExecutionPolicy -Scope CurrentUser".
At line:1 char:1
+ Set-ExecutionPolicy -ExecutionPolicy RemoteSigned
+ ~~~~~~~~~~~~~~~~~~~~~~~~~~~~~~~~~~~~~~~~~~~~~~~~~
    + CategoryInfo          : PermissionDenied: (:) [Set-ExecutionPolicy], UnauthorizedAccessException
    + FullyQualifiedErrorId : System.UnauthorizedAccessException,Microsoft.PowerShell.Commands.SetExecutionPolicyComma  
   nd
PS D:\web-dev\react_solidsail.course\newsy_hacker-news>
PS D:\web-dev\react_solidsail.course\newsy_hacker-news> ionic start
? Use the app creation wizard? Yes
PS D:\web-dev\react_solidsail.course\newsy_hacker-news> 





PS C:\WINDOWS\system32> Set-ExecutionPolicy -ExecutionPolicy Restricted







The file will have its original line endings in your working directory
warning: LF will be replaced by CRLF in node_modules/qs/LICENSE.md.
The file will have its original line endings in your working directory
warning: LF will be replaced by CRLF in node_modules/qs/README.md.
The file will have its original line endings in your working directory
warning: LF will be replaced by CRLF in node_modules/qs/dist/qs.js.
The file will have its original line endings in your working directory
warning: LF will be replaced by CRLF in node_modules/qs/lib/formats.js.
The file will have its original line endings in your working directory
warning: LF will be replaced by CRLF in node_modules/qs/lib/index.js.
The file will have its original line endings in your working directory
warning: LF will be replaced by CRLF in node_modules/qs/lib/parse.js.
The file will have its original line endings in your working directory
warning: LF will be replaced by CRLF in node_modules/qs/lib/stringify.js.
The file will have its original line endings in your working directory
warning: LF will be replaced by CRLF in node_modules/qs/lib/utils.js.
The file will have its original line endings in your working directory
warning: LF will be replaced by CRLF in node_modules/qs/package.json.
The file will have its original line endings in your working directory
warning: LF will be replaced by CRLF in node_modules/qs/test/parse.js.
The file will have its original line endings in your working directory
warning: LF will be replaced by CRLF in node_modules/qs/test/stringify.js.
The file will have its original line endings in your working directory
warning: LF will be replaced by CRLF in node_modules/qs/test/utils.js.
The file will have its original line endings in your working directory
warning: LF will be replaced by CRLF in node_modules/semver/LICENSE.
The file will have its original line endings in your working directory
warning: LF will be replaced by CRLF in node_modules/semver/README.md.
The file will have its original line endings in your working directory
warning: LF will be replaced by CRLF in node_modules/semver/bin/semver.js.
The file will have its original line endings in your working directory
warning: LF will be replaced by CRLF in node_modules/semver/classes/comparator.js.
The file will have its original line endings in your working directory
warning: LF will be replaced by CRLF in node_modules/semver/classes/index.js.
The file will have its original line endings in your working directory
warning: LF will be replaced by CRLF in node_modules/semver/classes/range.js.
The file will have its original line endings in your working directory
warning: LF will be replaced by CRLF in node_modules/semver/classes/semver.js.
The file will have its original line endings in your working directory
warning: LF will be replaced by CRLF in node_modules/semver/functions/clean.js.
The file will have its original line endings in your working directory
warning: LF will be replaced by CRLF in node_modules/semver/functions/cmp.js.
The file will have its original line endings in your working directory
warning: LF will be replaced by CRLF in node_modules/semver/functions/coerce.js.
The file will have its original line endings in your working directory
warning: LF will be replaced by CRLF in node_modules/semver/functions/compare-build.js.
The file will have its original line endings in your working directory
warning: LF will be replaced by CRLF in node_modules/semver/functions/compare-loose.js.
The file will have its original line endings in your working directory
warning: LF will be replaced by CRLF in node_modules/semver/functions/compare.js.
The file will have its original line endings in your working directory
warning: LF will be replaced by CRLF in node_modules/semver/functions/diff.js.
The file will have its original line endings in your working directory
warning: LF will be replaced by CRLF in node_modules/semver/functions/eq.js.
The file will have its original line endings in your working directory
warning: LF will be replaced by CRLF in node_modules/semver/functions/gt.js.
The file will have its original line endings in your working directory
warning: LF will be replaced by CRLF in node_modules/semver/functions/gte.js.
The file will have its original line endings in your working directory
warning: LF will be replaced by CRLF in node_modules/semver/functions/inc.js.
The file will have its original line endings in your working directory
warning: LF will be replaced by CRLF in node_modules/semver/functions/lt.js.
The file will have its original line endings in your working directory
warning: LF will be replaced by CRLF in node_modules/semver/functions/lte.js.
The file will have its original line endings in your working directory
warning: LF will be replaced by CRLF in node_modules/semver/functions/major.js.
The file will have its original line endings in your working directory
warning: LF will be replaced by CRLF in node_modules/semver/functions/minor.js.
The file will have its original line endings in your working directory
warning: LF will be replaced by CRLF in node_modules/semver/functions/neq.js.
The file will have its original line endings in your working directory
warning: LF will be replaced by CRLF in node_modules/semver/functions/parse.js.
The file will have its original line endings in your working directory
warning: LF will be replaced by CRLF in node_modules/semver/functions/patch.js.
The file will have its original line endings in your working directory
warning: LF will be replaced by CRLF in node_modules/semver/functions/prerelease.js.
The file will have its original line endings in your working directory
warning: LF will be replaced by CRLF in node_modules/semver/functions/rcompare.js.
The file will have its original line endings in your working directory
warning: LF will be replaced by CRLF in node_modules/semver/functions/rsort.js.
The file will have its original line endings in your working directory
warning: LF will be replaced by CRLF in node_modules/semver/functions/satisfies.js.
The file will have its original line endings in your working directory
warning: LF will be replaced by CRLF in node_modules/semver/functions/sort.js.
The file will have its original line endings in your working directory
warning: LF will be replaced by CRLF in node_modules/semver/functions/valid.js.
The file will have its original line endings in your working directory
warning: LF will be replaced by CRLF in node_modules/semver/index.js.
The file will have its original line endings in your working directory
warning: LF will be replaced by CRLF in node_modules/semver/internal/constants.js.
The file will have its original line endings in your working directory
warning: LF will be replaced by CRLF in node_modules/semver/internal/debug.js.
The file will have its original line endings in your working directory
warning: LF will be replaced by CRLF in node_modules/semver/internal/identifiers.js.
The file will have its original line endings in your working directory
warning: LF will be replaced by CRLF in node_modules/semver/internal/parse-options.js.
The file will have its original line endings in your working directory
warning: LF will be replaced by CRLF in node_modules/semver/internal/re.js.
The file will have its original line endings in your working directory
warning: LF will be replaced by CRLF in node_modules/semver/package.json.
The file will have its original line endings in your working directory
warning: LF will be replaced by CRLF in node_modules/semver/preload.js.
The file will have its original line endings in your working directory
warning: LF will be replaced by CRLF in node_modules/semver/range.bnf.
The file will have its original line endings in your working directory
warning: LF will be replaced by CRLF in node_modules/semver/ranges/gtr.js.
The file will have its original line endings in your working directory
warning: LF will be replaced by CRLF in node_modules/semver/ranges/intersects.js.
The file will have its original line endings in your working directory
warning: LF will be replaced by CRLF in node_modules/semver/ranges/ltr.js.
The file will have its original line endings in your working directory
warning: LF will be replaced by CRLF in node_modules/semver/ranges/max-satisfying.js.
The file will have its original line endings in your working directory
warning: LF will be replaced by CRLF in node_modules/semver/ranges/min-satisfying.js.
The file will have its original line endings in your working directory
warning: LF will be replaced by CRLF in node_modules/semver/ranges/min-version.js.
The file will have its original line endings in your working directory
warning: LF will be replaced by CRLF in node_modules/semver/ranges/outside.js.
The file will have its original line endings in your working directory
warning: LF will be replaced by CRLF in node_modules/semver/ranges/simplify.js.
The file will have its original line endings in your working directory
warning: LF will be replaced by CRLF in node_modules/semver/ranges/subset.js.
The file will have its original line endings in your working directory
warning: LF will be replaced by CRLF in node_modules/semver/ranges/to-comparators.js.
The file will have its original line endings in your working directory
warning: LF will be replaced by CRLF in node_modules/semver/ranges/valid.js.
The file will have its original line endings in your working directory
warning: LF will be replaced by CRLF in node_modules/side-channel/.eslintignore.
The file will have its original line endings in your working directory
warning: LF will be replaced by CRLF in node_modules/side-channel/.eslintrc.
The file will have its original line endings in your working directory
warning: LF will be replaced by CRLF in node_modules/side-channel/.github/FUNDING.yml.
The file will have its original line endings in your working directory
warning: LF will be replaced by CRLF in node_modules/side-channel/.nycrc.
The file will have its original line endings in your working directory
warning: LF will be replaced by CRLF in node_modules/side-channel/CHANGELOG.md.
The file will have its original line endings in your working directory
warning: LF will be replaced by CRLF in node_modules/side-channel/LICENSE.
The file will have its original line endings in your working directory
warning: LF will be replaced by CRLF in node_modules/side-channel/README.md.
The file will have its original line endings in your working directory
warning: LF will be replaced by CRLF in node_modules/side-channel/index.js.
The file will have its original line endings in your working directory
warning: LF will be replaced by CRLF in node_modules/side-channel/package.json.
The file will have its original line endings in your working directory
warning: LF will be replaced by CRLF in node_modules/side-channel/test/index.js.
The file will have its original line endings in your working directory
warning: LF will be replaced by CRLF in node_modules/superagent/LICENSE.
The file will have its original line endings in your working directory
warning: LF will be replaced by CRLF in node_modules/superagent/README.md.
The file will have its original line endings in your working directory
warning: LF will be replaced by CRLF in node_modules/superagent/dist/superagent.js.
The file will have its original line endings in your working directory
warning: LF will be replaced by CRLF in node_modules/superagent/lib/agent-base.js.
The file will have its original line endings in your working directory
warning: LF will be replaced by CRLF in node_modules/superagent/lib/client.js.
The file will have its original line endings in your working directory
warning: LF will be replaced by CRLF in node_modules/superagent/lib/node/agent.js.
The file will have its original line endings in your working directory
warning: LF will be replaced by CRLF in node_modules/superagent/lib/node/http2wrapper.js.
The file will have its original line endings in your working directory
warning: LF will be replaced by CRLF in node_modules/superagent/lib/node/index.js.
The file will have its original line endings in your working directory
warning: LF will be replaced by CRLF in node_modules/superagent/lib/node/parsers/image.js.
The file will have its original line endings in your working directory
warning: LF will be replaced by CRLF in node_modules/superagent/lib/node/parsers/index.js.
The file will have its original line endings in your working directory
warning: LF will be replaced by CRLF in node_modules/superagent/lib/node/parsers/json.js.
The file will have its original line endings in your working directory
warning: LF will be replaced by CRLF in node_modules/superagent/lib/node/parsers/text.js.
The file will have its original line endings in your working directory
warning: LF will be replaced by CRLF in node_modules/superagent/lib/node/parsers/urlencoded.js.
The file will have its original line endings in your working directory
warning: LF will be replaced by CRLF in node_modules/superagent/lib/node/response.js.
The file will have its original line endings in your working directory
warning: LF will be replaced by CRLF in node_modules/superagent/lib/node/unzip.js.
The file will have its original line endings in your working directory
warning: LF will be replaced by CRLF in node_modules/superagent/lib/request-base.js.
The file will have its original line endings in your working directory
warning: LF will be replaced by CRLF in node_modules/superagent/lib/response-base.js.
The file will have its original line endings in your working directory
warning: LF will be replaced by CRLF in node_modules/superagent/lib/utils.js.
The file will have its original line endings in your working directory
warning: LF will be replaced by CRLF in node_modules/superagent/node_modules/dezalgo/LICENSE.
The file will have its original line endings in your working directory
warning: LF will be replaced by CRLF in node_modules/superagent/node_modules/dezalgo/README.md.
The file will have its original line endings in your working directory
warning: LF will be replaced by CRLF in node_modules/superagent/node_modules/dezalgo/dezalgo.js.
The file will have its original line endings in your working directory
warning: LF will be replaced by CRLF in node_modules/superagent/node_modules/dezalgo/package.json.
The file will have its original line endings in your working directory
warning: LF will be replaced by CRLF in node_modules/superagent/node_modules/formidable/CHANGELOG.md.
The file will have its original line endings in your working directory
warning: LF will be replaced by CRLF in node_modules/superagent/node_modules/formidable/LICENSE.
The file will have its original line endings in your working directory
warning: LF will be replaced by CRLF in node_modules/superagent/node_modules/formidable/README.md.
The file will have its original line endings in your working directory
warning: LF will be replaced by CRLF in node_modules/superagent/node_modules/formidable/package.json.
The file will have its original line endings in your working directory
warning: LF will be replaced by CRLF in node_modules/superagent/node_modules/formidable/src/Formidable.js.
The file will have its original line endings in your working directory
warning: LF will be replaced by CRLF in node_modules/superagent/node_modules/formidable/src/FormidableError.js.
The file will have its original line endings in your working directory
warning: LF will be replaced by CRLF in node_modules/superagent/node_modules/formidable/src/PersistentFile.js.
The file will have its original line endings in your working directory
warning: LF will be replaced by CRLF in node_modules/superagent/node_modules/formidable/src/VolatileFile.js.
The file will have its original line endings in your working directory
warning: LF will be replaced by CRLF in node_modules/superagent/node_modules/formidable/src/index.js.
The file will have its original line endings in your working directory
warning: LF will be replaced by CRLF in node_modules/superagent/node_modules/formidable/src/parsers/Dummy.js.
The file will have its original line endings in your working directory
warning: LF will be replaced by CRLF in node_modules/superagent/node_modules/formidable/src/parsers/JSON.js.
The file will have its original line endings in your working directory
warning: LF will be replaced by CRLF in node_modules/superagent/node_modules/formidable/src/parsers/Multipart.js.
The file will have its original line endings in your working directory
warning: LF will be replaced by CRLF in node_modules/superagent/node_modules/formidable/src/parsers/OctetStream.js.
The file will have its original line endings in your working directory
warning: LF will be replaced by CRLF in node_modules/superagent/node_modules/formidable/src/parsers/Querystring.js.
The file will have its original line endings in your working directory
warning: LF will be replaced by CRLF in node_modules/superagent/node_modules/formidable/src/parsers/StreamingQuerystring.js.
The file will have its original line endings in your working directory
warning: LF will be replaced by CRLF in node_modules/superagent/node_modules/formidable/src/parsers/index.js.
The file will have its original line endings in your working directory
warning: LF will be replaced by CRLF in node_modules/superagent/node_modules/formidable/src/plugins/index.js.
The file will have its original line endings in your working directory
warning: LF will be replaced by CRLF in node_modules/superagent/node_modules/formidable/src/plugins/json.js.
The file will have its original line endings in your working directory
warning: LF will be replaced by CRLF in node_modules/superagent/node_modules/formidable/src/plugins/multipart.js.
The file will have its original line endings in your working directory
warning: LF will be replaced by CRLF in node_modules/superagent/node_modules/formidable/src/plugins/octetstream.js.
The file will have its original line endings in your working directory
warning: LF will be replaced by CRLF in node_modules/superagent/node_modules/formidable/src/plugins/querystring.js.
The file will have its original line endings in your working directory
warning: LF will be replaced by CRLF in node_modules/superagent/package.json.
The file will have its original line endings in your working directory
warning: LF will be replaced by CRLF in node_modules/wrappy/LICENSE.
The file will have its original line endings in your working directory
warning: LF will be replaced by CRLF in node_modules/wrappy/README.md.
The file will have its original line endings in your working directory
warning: LF will be replaced by CRLF in node_modules/wrappy/package.json.
The file will have its original line endings in your working directory
warning: LF will be replaced by CRLF in node_modules/wrappy/wrappy.js.
The file will have its original line endings in your working directory
warning: LF will be replaced by CRLF in node_modules/yallist/LICENSE.
The file will have its original line endings in your working directory
warning: LF will be replaced by CRLF in node_modules/yallist/README.md.
The file will have its original line endings in your working directory
warning: LF will be replaced by CRLF in node_modules/yallist/iterator.js.
The file will have its original line endings in your working directory
warning: LF will be replaced by CRLF in node_modules/yallist/package.json.
The file will have its original line endings in your working directory
warning: LF will be replaced by CRLF in node_modules/yallist/yallist.js.
The file will have its original line endings in your working directory
warning: LF will be replaced by CRLF in package-lock.json.
The file will have its original line endings in your working directory
warning: LF will be replaced by CRLF in package.json.
The file will have its original line endings in your working directory
PS D:\web-dev\react_solidsail.course\newsy_hacker-news> git status
On branch trunk
Your branch is up to date with 'origin/trunk'.

Changes to be committed:
  (use "git restore --staged <file>..." to unstage)
        new file:   -
        new file:   App.js
        new file:   node_modules/.bin/mime
        new file:   node_modules/.bin/mime.cmd
        new file:   node_modules/.bin/mime.ps1
        new file:   node_modules/.bin/semver
        new file:   node_modules/.bin/semver.cmd
        new file:   node_modules/.bin/semver.ps1
        new file:   node_modules/.package-lock.json
        new file:   node_modules/asap/CHANGES.md
        new file:   node_modules/asap/LICENSE.md
        new file:   node_modules/asap/README.md
        new file:   node_modules/asap/asap.js
        new file:   node_modules/asap/browser-asap.js
        new file:   node_modules/asap/browser-raw.js
        new file:   node_modules/asap/package.json
        new file:   node_modules/asap/raw.js
        new file:   node_modules/asynckit/LICENSE
        new file:   node_modules/asynckit/README.md
        new file:   node_modules/asynckit/bench.js
        new file:   node_modules/asynckit/index.js
        new file:   node_modules/asynckit/lib/abort.js
        new file:   node_modules/asynckit/lib/async.js
        new file:   node_modules/asynckit/lib/defer.js
        new file:   node_modules/asynckit/lib/iterate.js
        new file:   node_modules/asynckit/lib/readable_asynckit.js
        new file:   node_modules/asynckit/lib/readable_parallel.js
        new file:   node_modules/asynckit/lib/readable_serial.js
        new file:   node_modules/asynckit/lib/readable_serial_ordered.js
        new file:   node_modules/asynckit/lib/state.js
        new file:   node_modules/asynckit/lib/streamify.js
        new file:   node_modules/asynckit/lib/terminator.js
        new file:   node_modules/asynckit/package.json
        new file:   node_modules/asynckit/parallel.js
        new file:   node_modules/asynckit/serial.js
        new file:   node_modules/asynckit/serialOrdered.js
        new file:   node_modules/asynckit/stream.js
        new file:   node_modules/call-bind/.eslintignore
        new file:   node_modules/call-bind/.eslintrc
        new file:   node_modules/call-bind/.github/FUNDING.yml
        new file:   node_modules/call-bind/.nycrc
        new file:   node_modules/call-bind/CHANGELOG.md
        new file:   node_modules/call-bind/LICENSE
        new file:   node_modules/call-bind/README.md
        new file:   node_modules/call-bind/callBound.js
        new file:   node_modules/call-bind/index.js
        new file:   node_modules/call-bind/package.json
        new file:   node_modules/call-bind/test/callBound.js
        new file:   node_modules/call-bind/test/index.js
        new file:   node_modules/combined-stream/License
        new file:   node_modules/combined-stream/Readme.md
        new file:   node_modules/combined-stream/lib/combined_stream.js
        new file:   node_modules/combined-stream/package.json
        new file:   node_modules/combined-stream/yarn.lock
        new file:   node_modules/component-emitter/History.md
        new file:   node_modules/component-emitter/LICENSE
        new file:   node_modules/component-emitter/Readme.md
        new file:   node_modules/component-emitter/index.js
        new file:   node_modules/component-emitter/package.json
        new file:   node_modules/cookiejar/LICENSE
        new file:   node_modules/cookiejar/cookiejar.js
        new file:   node_modules/cookiejar/package.json
        new file:   node_modules/cookiejar/readme.md
        new file:   node_modules/debug/LICENSE
        new file:   node_modules/debug/README.md
        new file:   node_modules/debug/package.json
        new file:   node_modules/debug/src/browser.js
        new file:   node_modules/debug/src/common.js
        new file:   node_modules/debug/src/index.js
        new file:   node_modules/debug/src/node.js
        new file:   node_modules/delayed-stream/.npmignore
        new file:   node_modules/delayed-stream/License
        new file:   node_modules/delayed-stream/Makefile
        new file:   node_modules/delayed-stream/Readme.md
        new file:   node_modules/delayed-stream/lib/delayed_stream.js
        new file:   node_modules/delayed-stream/package.json
        new file:   node_modules/dezalgo/.travis.yml
        new file:   node_modules/dezalgo/LICENSE
        new file:   node_modules/dezalgo/README.md
        new file:   node_modules/dezalgo/dezalgo.js
        new file:   node_modules/dezalgo/package.json
        new file:   node_modules/dezalgo/test/basic.js
        new file:   node_modules/fast-safe-stringify/.travis.yml
        new file:   node_modules/fast-safe-stringify/CHANGELOG.md
        new file:   node_modules/fast-safe-stringify/LICENSE
        new file:   node_modules/fast-safe-stringify/benchmark.js
        new file:   node_modules/fast-safe-stringify/index.d.ts
        new file:   node_modules/fast-safe-stringify/index.js
        new file:   node_modules/fast-safe-stringify/package.json
        new file:   node_modules/fast-safe-stringify/readme.md
        new file:   node_modules/fast-safe-stringify/test-stable.js
        new file:   node_modules/fast-safe-stringify/test.js
        new file:   node_modules/form-data/License
        new file:   node_modules/form-data/README.md.bak
        new file:   node_modules/form-data/Readme.md
        new file:   node_modules/form-data/index.d.ts
        new file:   node_modules/form-data/lib/browser.js
        new file:   node_modules/form-data/lib/form_data.js
        new file:   node_modules/form-data/lib/populate.js
        new file:   node_modules/form-data/package.json
        new file:   node_modules/formidable/LICENSE
        new file:   node_modules/formidable/README.md
        new file:   node_modules/formidable/package.json
        new file:   node_modules/formidable/src/Formidable.js
        new file:   node_modules/formidable/src/FormidableError.js
        new file:   node_modules/formidable/src/PersistentFile.js
        new file:   node_modules/formidable/src/VolatileFile.js
        new file:   node_modules/formidable/src/helpers/firstValues.js
        new file:   node_modules/formidable/src/helpers/readBooleans.js
        new file:   node_modules/formidable/src/index.js
        new file:   node_modules/formidable/src/parsers/Dummy.js
        new file:   node_modules/formidable/src/parsers/JSON.js
        new file:   node_modules/formidable/src/parsers/Multipart.js
        new file:   node_modules/formidable/src/parsers/OctetStream.js
        new file:   node_modules/formidable/src/parsers/Querystring.js
        new file:   node_modules/formidable/src/parsers/StreamingQuerystring.js
        new file:   node_modules/formidable/src/parsers/index.js
        new file:   node_modules/formidable/src/plugins/index.js
        new file:   node_modules/formidable/src/plugins/json.js
        new file:   node_modules/formidable/src/plugins/multipart.js
        new file:   node_modules/formidable/src/plugins/octetstream.js
        new file:   node_modules/formidable/src/plugins/querystring.js
        new file:   node_modules/function-bind/.editorconfig
        new file:   node_modules/function-bind/.eslintrc
        new file:   node_modules/function-bind/.jscs.json
        new file:   node_modules/function-bind/.npmignore
        new file:   node_modules/function-bind/.travis.yml
        new file:   node_modules/function-bind/LICENSE
        new file:   node_modules/function-bind/README.md
        new file:   node_modules/function-bind/implementation.js
        new file:   node_modules/function-bind/index.js
        new file:   node_modules/function-bind/package.json
        new file:   node_modules/function-bind/test/.eslintrc
        new file:   node_modules/function-bind/test/index.js
        new file:   node_modules/get-intrinsic/.eslintrc
        new file:   node_modules/get-intrinsic/.github/FUNDING.yml
        new file:   node_modules/get-intrinsic/.nycrc
        new file:   node_modules/get-intrinsic/CHANGELOG.md
        new file:   node_modules/get-intrinsic/LICENSE
        new file:   node_modules/get-intrinsic/README.md
        new file:   node_modules/get-intrinsic/index.js
        new file:   node_modules/get-intrinsic/package.json
        new file:   node_modules/get-intrinsic/test/GetIntrinsic.js
        new file:   node_modules/has-symbols/.eslintrc
        new file:   node_modules/has-symbols/.github/FUNDING.yml
        new file:   node_modules/has-symbols/.nycrc
        new file:   node_modules/has-symbols/CHANGELOG.md
        new file:   node_modules/has-symbols/LICENSE
        new file:   node_modules/has-symbols/README.md
        new file:   node_modules/has-symbols/index.js
        new file:   node_modules/has-symbols/package.json
        new file:   node_modules/has-symbols/shams.js
        new file:   node_modules/has-symbols/test/index.js
        new file:   node_modules/has-symbols/test/shams/core-js.js
        new file:   node_modules/has-symbols/test/shams/get-own-property-symbols.js
        new file:   node_modules/has-symbols/test/tests.js
        new file:   node_modules/has/LICENSE-MIT
        new file:   node_modules/has/README.md
        new file:   node_modules/has/package.json
        new file:   node_modules/has/src/index.js
        new file:   node_modules/has/test/index.js
        new file:   node_modules/hexoid/dist/index.js
        new file:   node_modules/hexoid/dist/index.min.js
        new file:   node_modules/hexoid/dist/index.mjs
        new file:   node_modules/hexoid/hexoid.d.ts
        new file:   node_modules/hexoid/license
        new file:   node_modules/hexoid/package.json
        new file:   node_modules/hexoid/readme.md
        new file:   node_modules/lru-cache/LICENSE
        new file:   node_modules/lru-cache/README.md
        new file:   node_modules/lru-cache/index.js
        new file:   node_modules/lru-cache/package.json
        new file:   node_modules/methods/HISTORY.md
        new file:   node_modules/methods/LICENSE
        new file:   node_modules/methods/README.md
        new file:   node_modules/methods/index.js
        new file:   node_modules/methods/package.json
        new file:   node_modules/mime-db/HISTORY.md
        new file:   node_modules/mime-db/LICENSE
        new file:   node_modules/mime-db/README.md
        new file:   node_modules/mime-db/db.json
        new file:   node_modules/mime-db/index.js
        new file:   node_modules/mime-db/package.json
        new file:   node_modules/mime-types/HISTORY.md
        new file:   node_modules/mime-types/LICENSE
        new file:   node_modules/mime-types/README.md
        new file:   node_modules/mime-types/index.js
        new file:   node_modules/mime-types/package.json
        new file:   node_modules/mime/CHANGELOG.md
        new file:   node_modules/mime/LICENSE
        new file:   node_modules/mime/Mime.js
        new file:   node_modules/mime/README.md
        new file:   node_modules/mime/cli.js
        new file:   node_modules/mime/index.js
        new file:   node_modules/mime/lite.js
        new file:   node_modules/mime/package.json
        new file:   node_modules/mime/types/other.js
        new file:   node_modules/mime/types/standard.js
        new file:   node_modules/ms/index.js
        new file:   node_modules/ms/license.md
        new file:   node_modules/ms/package.json
        new file:   node_modules/ms/readme.md
        new file:   node_modules/object-inspect/.eslintrc
        new file:   node_modules/object-inspect/.github/FUNDING.yml
        new file:   node_modules/object-inspect/.nycrc
        new file:   node_modules/object-inspect/CHANGELOG.md
        new file:   node_modules/object-inspect/LICENSE
        new file:   node_modules/object-inspect/example/all.js
        new file:   node_modules/object-inspect/example/circular.js
        new file:   node_modules/object-inspect/example/fn.js
        new file:   node_modules/object-inspect/example/inspect.js
        new file:   node_modules/object-inspect/index.js
        new file:   node_modules/object-inspect/package-support.json
        new file:   node_modules/object-inspect/package.json
        new file:   node_modules/object-inspect/readme.markdown
        new file:   node_modules/object-inspect/test-core-js.js
        new file:   node_modules/object-inspect/test/bigint.js
        new file:   node_modules/object-inspect/test/browser/dom.js
        new file:   node_modules/object-inspect/test/circular.js
        new file:   node_modules/object-inspect/test/deep.js
        new file:   node_modules/object-inspect/test/element.js
        new file:   node_modules/object-inspect/test/err.js
        new file:   node_modules/object-inspect/test/fakes.js
        new file:   node_modules/object-inspect/test/fn.js
        new file:   node_modules/object-inspect/test/has.js
        new file:   node_modules/object-inspect/test/holes.js
        new file:   node_modules/object-inspect/test/indent-option.js
        new file:   node_modules/object-inspect/test/inspect.js
        new file:   node_modules/object-inspect/test/lowbyte.js
        new file:   node_modules/object-inspect/test/number.js
        new file:   node_modules/object-inspect/test/quoteStyle.js
        new file:   node_modules/object-inspect/test/toStringTag.js
        new file:   node_modules/object-inspect/test/undef.js
        new file:   node_modules/object-inspect/test/values.js
        new file:   node_modules/object-inspect/util.inspect.js
        new file:   node_modules/once/LICENSE
        new file:   node_modules/once/README.md
        new file:   node_modules/once/once.js
        new file:   node_modules/once/package.json
        new file:   node_modules/qs/.editorconfig
        new file:   node_modules/qs/.eslintrc
        new file:   node_modules/qs/.github/FUNDING.yml
        new file:   node_modules/qs/.nycrc
        new file:   node_modules/qs/CHANGELOG.md
        new file:   node_modules/qs/LICENSE.md
        new file:   node_modules/qs/README.md
        new file:   node_modules/qs/dist/qs.js
        new file:   node_modules/qs/lib/formats.js
        new file:   node_modules/qs/lib/index.js
        new file:   node_modules/qs/lib/parse.js
        new file:   node_modules/qs/lib/stringify.js
        new file:   node_modules/qs/lib/utils.js
        new file:   node_modules/qs/package.json
        new file:   node_modules/qs/test/parse.js
        new file:   node_modules/qs/test/stringify.js
        new file:   node_modules/qs/test/utils.js
        new file:   node_modules/semver/LICENSE
        new file:   node_modules/semver/README.md
        new file:   node_modules/semver/bin/semver.js
        new file:   node_modules/semver/classes/comparator.js
        new file:   node_modules/semver/classes/index.js
        new file:   node_modules/semver/classes/range.js
        new file:   node_modules/semver/classes/semver.js
        new file:   node_modules/semver/functions/clean.js
        new file:   node_modules/semver/functions/cmp.js
        new file:   node_modules/semver/functions/coerce.js
        new file:   node_modules/semver/functions/compare-build.js
        new file:   node_modules/semver/functions/compare-loose.js
        new file:   node_modules/semver/functions/compare.js
        new file:   node_modules/semver/functions/diff.js
        new file:   node_modules/semver/functions/eq.js
        new file:   node_modules/semver/functions/gt.js
        new file:   node_modules/semver/functions/gte.js
        new file:   node_modules/semver/functions/inc.js
        new file:   node_modules/semver/functions/lt.js
        new file:   node_modules/semver/functions/lte.js
        new file:   node_modules/semver/functions/major.js
        new file:   node_modules/semver/functions/minor.js
        new file:   node_modules/semver/functions/neq.js
        new file:   node_modules/semver/functions/parse.js
        new file:   node_modules/semver/functions/patch.js
        new file:   node_modules/semver/functions/prerelease.js
        new file:   node_modules/semver/functions/rcompare.js
        new file:   node_modules/semver/functions/rsort.js
        new file:   node_modules/semver/functions/satisfies.js
        new file:   node_modules/semver/functions/sort.js
        new file:   node_modules/semver/functions/valid.js
        new file:   node_modules/semver/index.js
        new file:   node_modules/semver/internal/constants.js
        new file:   node_modules/semver/internal/debug.js
        new file:   node_modules/semver/internal/identifiers.js
        new file:   node_modules/semver/internal/parse-options.js
        new file:   node_modules/semver/internal/re.js
        new file:   node_modules/semver/package.json
        new file:   node_modules/semver/preload.js
        new file:   node_modules/semver/range.bnf
        new file:   node_modules/semver/ranges/gtr.js
        new file:   node_modules/semver/ranges/intersects.js
        new file:   node_modules/semver/ranges/ltr.js
        new file:   node_modules/semver/ranges/max-satisfying.js
        new file:   node_modules/semver/ranges/min-satisfying.js
        new file:   node_modules/semver/ranges/min-version.js
        new file:   node_modules/semver/ranges/outside.js
        new file:   node_modules/semver/ranges/simplify.js
        new file:   node_modules/semver/ranges/subset.js
        new file:   node_modules/semver/ranges/to-comparators.js
        new file:   node_modules/semver/ranges/valid.js
        new file:   node_modules/side-channel/.eslintignore
        new file:   node_modules/side-channel/.eslintrc
        new file:   node_modules/side-channel/.github/FUNDING.yml
        new file:   node_modules/side-channel/.nycrc
        new file:   node_modules/side-channel/CHANGELOG.md
        new file:   node_modules/side-channel/LICENSE
        new file:   node_modules/side-channel/README.md
        new file:   node_modules/side-channel/index.js
        new file:   node_modules/side-channel/package.json
        new file:   node_modules/side-channel/test/index.js
        new file:   node_modules/superagent/LICENSE
        new file:   node_modules/superagent/README.md
        new file:   node_modules/superagent/dist/superagent.js
        new file:   node_modules/superagent/dist/superagent.min.js
        new file:   node_modules/superagent/lib/agent-base.js
        new file:   node_modules/superagent/lib/client.js
        new file:   node_modules/superagent/lib/node/agent.js
        new file:   node_modules/superagent/lib/node/http2wrapper.js
        new file:   node_modules/superagent/lib/node/index.js
        new file:   node_modules/superagent/lib/node/parsers/image.js
        new file:   node_modules/superagent/lib/node/parsers/index.js
        new file:   node_modules/superagent/lib/node/parsers/json.js
        new file:   node_modules/superagent/lib/node/parsers/text.js
        new file:   node_modules/superagent/lib/node/parsers/urlencoded.js
        new file:   node_modules/superagent/lib/node/response.js
        new file:   node_modules/superagent/lib/node/unzip.js
        new file:   node_modules/superagent/lib/request-base.js
        new file:   node_modules/superagent/lib/response-base.js
        new file:   node_modules/superagent/lib/utils.js
        new file:   node_modules/superagent/node_modules/dezalgo/LICENSE
        new file:   node_modules/superagent/node_modules/dezalgo/README.md
        new file:   node_modules/superagent/node_modules/dezalgo/dezalgo.js
        new file:   node_modules/superagent/node_modules/dezalgo/package.json
        new file:   node_modules/superagent/node_modules/formidable/CHANGELOG.md
        new file:   node_modules/superagent/node_modules/formidable/LICENSE
        new file:   node_modules/superagent/node_modules/formidable/README.md
        new file:   node_modules/superagent/node_modules/formidable/package.json
        new file:   node_modules/superagent/node_modules/formidable/src/Formidable.js
        new file:   node_modules/superagent/node_modules/formidable/src/FormidableError.js
        new file:   node_modules/superagent/node_modules/formidable/src/PersistentFile.js
        new file:   node_modules/superagent/node_modules/formidable/src/VolatileFile.js
        new file:   node_modules/superagent/node_modules/formidable/src/index.js
        new file:   node_modules/superagent/node_modules/formidable/src/parsers/Dummy.js
        new file:   node_modules/superagent/node_modules/formidable/src/parsers/JSON.js
        new file:   node_modules/superagent/node_modules/formidable/src/parsers/Multipart.js
        new file:   node_modules/superagent/node_modules/formidable/src/parsers/OctetStream.js
        new file:   node_modules/superagent/node_modules/formidable/src/parsers/Querystring.js
        new file:   node_modules/superagent/node_modules/formidable/src/parsers/StreamingQuerystring.js
        new file:   node_modules/superagent/node_modules/formidable/src/parsers/index.js
        new file:   node_modules/superagent/node_modules/formidable/src/plugins/index.js
        new file:   node_modules/superagent/node_modules/formidable/src/plugins/json.js
        new file:   node_modules/superagent/node_modules/formidable/src/plugins/multipart.js
        new file:   node_modules/superagent/node_modules/formidable/src/plugins/octetstream.js
        new file:   node_modules/superagent/node_modules/formidable/src/plugins/querystring.js
        new file:   node_modules/superagent/package.json
        new file:   node_modules/wrappy/LICENSE
        new file:   node_modules/wrappy/README.md
        new file:   node_modules/wrappy/package.json
        new file:   node_modules/wrappy/wrappy.js
        new file:   node_modules/yallist/LICENSE
        new file:   node_modules/yallist/README.md
        new file:   node_modules/yallist/iterator.js
        new file:   node_modules/yallist/package.json
        new file:   node_modules/yallist/yallist.js
        new file:   package-lock.json
        new file:   package.json
        new file:   terminal commands with outputs.txt

PS D:\web-dev\react_solidsail.course\newsy_hacker-news> git commit -m "Project Start"
[trunk 7a5dbc1] Project Start
 374 files changed, 49941 insertions(+)
 create mode 100644 -
 create mode 100644 App.js
 create mode 100644 node_modules/.bin/mime
 create mode 100644 node_modules/.bin/mime.cmd
 create mode 100644 node_modules/.bin/mime.ps1
 create mode 100644 node_modules/.bin/semver
 create mode 100644 node_modules/.bin/semver.cmd
 create mode 100644 node_modules/.bin/semver.ps1
 create mode 100644 node_modules/.package-lock.json
 create mode 100644 node_modules/asap/CHANGES.md
 create mode 100644 node_modules/asap/LICENSE.md
 create mode 100644 node_modules/asap/README.md
 create mode 100644 node_modules/asap/asap.js
 create mode 100644 node_modules/asap/browser-asap.js
 create mode 100644 node_modules/asap/browser-raw.js
 create mode 100644 node_modules/asap/package.json
 create mode 100644 node_modules/asap/raw.js
 create mode 100644 node_modules/asynckit/LICENSE
 create mode 100644 node_modules/asynckit/README.md
 create mode 100644 node_modules/asynckit/bench.js
 create mode 100644 node_modules/asynckit/index.js
 create mode 100644 node_modules/asynckit/lib/abort.js
 create mode 100644 node_modules/asynckit/lib/async.js
 create mode 100644 node_modules/asynckit/lib/defer.js
 create mode 100644 node_modules/asynckit/lib/iterate.js
 create mode 100644 node_modules/asynckit/lib/readable_asynckit.js
 create mode 100644 node_modules/asynckit/lib/readable_parallel.js
 create mode 100644 node_modules/asynckit/lib/readable_serial.js
 create mode 100644 node_modules/asynckit/lib/readable_serial_ordered.js
 create mode 100644 node_modules/asynckit/lib/state.js
 create mode 100644 node_modules/asynckit/lib/streamify.js
 create mode 100644 node_modules/asynckit/lib/terminator.js
 create mode 100644 node_modules/asynckit/package.json
 create mode 100644 node_modules/asynckit/parallel.js
 create mode 100644 node_modules/asynckit/serial.js
 create mode 100644 node_modules/asynckit/serialOrdered.js
 create mode 100644 node_modules/asynckit/stream.js
 create mode 100644 node_modules/call-bind/.eslintignore
 create mode 100644 node_modules/call-bind/.eslintrc
 create mode 100644 node_modules/call-bind/.github/FUNDING.yml
 create mode 100644 node_modules/call-bind/.nycrc
 create mode 100644 node_modules/call-bind/CHANGELOG.md
 create mode 100644 node_modules/call-bind/LICENSE
 create mode 100644 node_modules/call-bind/README.md
 create mode 100644 node_modules/call-bind/callBound.js
 create mode 100644 node_modules/call-bind/index.js
 create mode 100644 node_modules/call-bind/package.json
 create mode 100644 node_modules/call-bind/test/callBound.js
 create mode 100644 node_modules/call-bind/test/index.js
 create mode 100644 node_modules/combined-stream/License
 create mode 100644 node_modules/combined-stream/Readme.md
 create mode 100644 node_modules/combined-stream/lib/combined_stream.js
 create mode 100644 node_modules/combined-stream/package.json
 create mode 100644 node_modules/combined-stream/yarn.lock
 create mode 100644 node_modules/component-emitter/History.md
 create mode 100644 node_modules/component-emitter/LICENSE
 create mode 100644 node_modules/component-emitter/Readme.md
 create mode 100644 node_modules/component-emitter/index.js
 create mode 100644 node_modules/component-emitter/package.json
 create mode 100644 node_modules/cookiejar/LICENSE
 create mode 100644 node_modules/cookiejar/cookiejar.js
 create mode 100644 node_modules/cookiejar/package.json
 create mode 100644 node_modules/cookiejar/readme.md
 create mode 100644 node_modules/debug/LICENSE
 create mode 100644 node_modules/debug/README.md
 create mode 100644 node_modules/debug/package.json
 create mode 100644 node_modules/debug/src/browser.js
 create mode 100644 node_modules/debug/src/common.js
 create mode 100644 node_modules/debug/src/index.js
 create mode 100644 node_modules/debug/src/node.js
 create mode 100644 node_modules/delayed-stream/.npmignore
 create mode 100644 node_modules/delayed-stream/License
 create mode 100644 node_modules/delayed-stream/Makefile
 create mode 100644 node_modules/delayed-stream/Readme.md
 create mode 100644 node_modules/delayed-stream/lib/delayed_stream.js
 create mode 100644 node_modules/delayed-stream/package.json
 create mode 100644 node_modules/dezalgo/.travis.yml
 create mode 100644 node_modules/dezalgo/LICENSE
 create mode 100644 node_modules/dezalgo/README.md
 create mode 100644 node_modules/dezalgo/dezalgo.js
 create mode 100644 node_modules/dezalgo/package.json
 create mode 100644 node_modules/dezalgo/test/basic.js
 create mode 100644 node_modules/fast-safe-stringify/.travis.yml
 create mode 100644 node_modules/fast-safe-stringify/CHANGELOG.md
 create mode 100644 node_modules/fast-safe-stringify/LICENSE
 create mode 100644 node_modules/fast-safe-stringify/benchmark.js
 create mode 100644 node_modules/fast-safe-stringify/index.d.ts
 create mode 100644 node_modules/fast-safe-stringify/index.js
 create mode 100644 node_modules/fast-safe-stringify/package.json
 create mode 100644 node_modules/fast-safe-stringify/readme.md
 create mode 100644 node_modules/fast-safe-stringify/test-stable.js
 create mode 100644 node_modules/fast-safe-stringify/test.js
 create mode 100644 node_modules/form-data/License
 create mode 100644 node_modules/form-data/README.md.bak
 create mode 100644 node_modules/form-data/Readme.md
 create mode 100644 node_modules/form-data/index.d.ts
 create mode 100644 node_modules/form-data/lib/browser.js
 create mode 100644 node_modules/form-data/lib/form_data.js
 create mode 100644 node_modules/form-data/lib/populate.js
 create mode 100644 node_modules/form-data/package.json
 create mode 100644 node_modules/formidable/LICENSE
 create mode 100644 node_modules/formidable/README.md
 create mode 100644 node_modules/formidable/package.json
 create mode 100644 node_modules/formidable/src/Formidable.js
 create mode 100644 node_modules/formidable/src/FormidableError.js
 create mode 100644 node_modules/formidable/src/PersistentFile.js
 create mode 100644 node_modules/formidable/src/VolatileFile.js
 create mode 100644 node_modules/formidable/src/helpers/firstValues.js
 create mode 100644 node_modules/formidable/src/helpers/readBooleans.js
 create mode 100644 node_modules/formidable/src/index.js
 create mode 100644 node_modules/formidable/src/parsers/Dummy.js
 create mode 100644 node_modules/formidable/src/parsers/JSON.js
 create mode 100644 node_modules/formidable/src/parsers/Multipart.js
 create mode 100644 node_modules/formidable/src/parsers/OctetStream.js
 create mode 100644 node_modules/formidable/src/parsers/Querystring.js
 create mode 100644 node_modules/formidable/src/parsers/StreamingQuerystring.js
 create mode 100644 node_modules/formidable/src/parsers/index.js
 create mode 100644 node_modules/formidable/src/plugins/index.js
 create mode 100644 node_modules/formidable/src/plugins/json.js
 create mode 100644 node_modules/formidable/src/plugins/multipart.js
 create mode 100644 node_modules/formidable/src/plugins/octetstream.js
 create mode 100644 node_modules/formidable/src/plugins/querystring.js
 create mode 100644 node_modules/function-bind/.editorconfig
 create mode 100644 node_modules/function-bind/.eslintrc
 create mode 100644 node_modules/function-bind/.jscs.json
 create mode 100644 node_modules/function-bind/.npmignore
 create mode 100644 node_modules/function-bind/.travis.yml
 create mode 100644 node_modules/function-bind/LICENSE
 create mode 100644 node_modules/function-bind/README.md
 create mode 100644 node_modules/function-bind/implementation.js
 create mode 100644 node_modules/function-bind/index.js
 create mode 100644 node_modules/function-bind/package.json
 create mode 100644 node_modules/function-bind/test/.eslintrc
 create mode 100644 node_modules/function-bind/test/index.js
 create mode 100644 node_modules/get-intrinsic/.eslintrc
 create mode 100644 node_modules/get-intrinsic/.github/FUNDING.yml
 create mode 100644 node_modules/get-intrinsic/.nycrc
 create mode 100644 node_modules/get-intrinsic/CHANGELOG.md
 create mode 100644 node_modules/get-intrinsic/LICENSE
 create mode 100644 node_modules/get-intrinsic/README.md
 create mode 100644 node_modules/get-intrinsic/index.js
 create mode 100644 node_modules/get-intrinsic/package.json
 create mode 100644 node_modules/get-intrinsic/test/GetIntrinsic.js
 create mode 100644 node_modules/has-symbols/.eslintrc
 create mode 100644 node_modules/has-symbols/.github/FUNDING.yml
 create mode 100644 node_modules/has-symbols/.nycrc
 create mode 100644 node_modules/has-symbols/CHANGELOG.md
 create mode 100644 node_modules/has-symbols/LICENSE
 create mode 100644 node_modules/has-symbols/README.md
 create mode 100644 node_modules/has-symbols/index.js
 create mode 100644 node_modules/has-symbols/package.json
 create mode 100644 node_modules/has-symbols/shams.js
 create mode 100644 node_modules/has-symbols/test/index.js
 create mode 100644 node_modules/has-symbols/test/shams/core-js.js
 create mode 100644 node_modules/has-symbols/test/shams/get-own-property-symbols.js
 create mode 100644 node_modules/has-symbols/test/tests.js
 create mode 100644 node_modules/has/LICENSE-MIT
 create mode 100644 node_modules/has/README.md
 create mode 100644 node_modules/has/package.json
 create mode 100644 node_modules/has/src/index.js
 create mode 100644 node_modules/has/test/index.js
 create mode 100644 node_modules/hexoid/dist/index.js
 create mode 100644 node_modules/hexoid/dist/index.min.js
 create mode 100644 node_modules/hexoid/dist/index.mjs
 create mode 100644 node_modules/hexoid/hexoid.d.ts
 create mode 100644 node_modules/hexoid/license
 create mode 100644 node_modules/hexoid/package.json
 create mode 100644 node_modules/hexoid/readme.md
 create mode 100644 node_modules/lru-cache/LICENSE
 create mode 100644 node_modules/lru-cache/README.md
 create mode 100644 node_modules/lru-cache/index.js
 create mode 100644 node_modules/lru-cache/package.json
 create mode 100644 node_modules/methods/HISTORY.md
 create mode 100644 node_modules/methods/LICENSE
 create mode 100644 node_modules/methods/README.md
 create mode 100644 node_modules/methods/index.js
 create mode 100644 node_modules/methods/package.json
 create mode 100644 node_modules/mime-db/HISTORY.md
 create mode 100644 node_modules/mime-db/LICENSE
 create mode 100644 node_modules/mime-db/README.md
 create mode 100644 node_modules/mime-db/db.json
 create mode 100644 node_modules/mime-db/index.js
 create mode 100644 node_modules/mime-db/package.json
 create mode 100644 node_modules/mime-types/HISTORY.md
 create mode 100644 node_modules/mime-types/LICENSE
 create mode 100644 node_modules/mime-types/README.md
 create mode 100644 node_modules/mime-types/index.js
 create mode 100644 node_modules/mime-types/package.json
 create mode 100644 node_modules/mime/CHANGELOG.md
 create mode 100644 node_modules/mime/LICENSE
 create mode 100644 node_modules/mime/Mime.js
 create mode 100644 node_modules/mime/README.md
 create mode 100644 node_modules/mime/cli.js
 create mode 100644 node_modules/mime/index.js
 create mode 100644 node_modules/mime/lite.js
 create mode 100644 node_modules/mime/package.json
 create mode 100644 node_modules/mime/types/other.js
 create mode 100644 node_modules/mime/types/standard.js
 create mode 100644 node_modules/ms/index.js
 create mode 100644 node_modules/ms/license.md
 create mode 100644 node_modules/ms/package.json
 create mode 100644 node_modules/ms/readme.md
 create mode 100644 node_modules/object-inspect/.eslintrc
 create mode 100644 node_modules/object-inspect/.github/FUNDING.yml
 create mode 100644 node_modules/object-inspect/.nycrc
 create mode 100644 node_modules/object-inspect/CHANGELOG.md
 create mode 100644 node_modules/object-inspect/LICENSE
 create mode 100644 node_modules/object-inspect/example/all.js
 create mode 100644 node_modules/object-inspect/example/circular.js
 create mode 100644 node_modules/object-inspect/example/fn.js
 create mode 100644 node_modules/object-inspect/example/inspect.js
 create mode 100644 node_modules/object-inspect/index.js
 create mode 100644 node_modules/object-inspect/package-support.json
 create mode 100644 node_modules/object-inspect/package.json
 create mode 100644 node_modules/object-inspect/readme.markdown
 create mode 100644 node_modules/object-inspect/test-core-js.js
 create mode 100644 node_modules/object-inspect/test/bigint.js
 create mode 100644 node_modules/object-inspect/test/browser/dom.js
 create mode 100644 node_modules/object-inspect/test/circular.js
 create mode 100644 node_modules/object-inspect/test/deep.js
 create mode 100644 node_modules/object-inspect/test/element.js
 create mode 100644 node_modules/object-inspect/test/err.js
 create mode 100644 node_modules/object-inspect/test/fakes.js
 create mode 100644 node_modules/object-inspect/test/fn.js
 create mode 100644 node_modules/object-inspect/test/has.js
 create mode 100644 node_modules/object-inspect/test/holes.js
 create mode 100644 node_modules/object-inspect/test/indent-option.js
 create mode 100644 node_modules/object-inspect/test/inspect.js
 create mode 100644 node_modules/object-inspect/test/lowbyte.js
 create mode 100644 node_modules/object-inspect/test/number.js
 create mode 100644 node_modules/object-inspect/test/quoteStyle.js
 create mode 100644 node_modules/object-inspect/test/toStringTag.js
 create mode 100644 node_modules/object-inspect/test/undef.js
 create mode 100644 node_modules/object-inspect/test/values.js
 create mode 100644 node_modules/object-inspect/util.inspect.js
 create mode 100644 node_modules/once/LICENSE
 create mode 100644 node_modules/once/README.md
 create mode 100644 node_modules/once/once.js
 create mode 100644 node_modules/once/package.json
 create mode 100644 node_modules/qs/.editorconfig
 create mode 100644 node_modules/qs/.eslintrc
 create mode 100644 node_modules/qs/.github/FUNDING.yml
 create mode 100644 node_modules/qs/.nycrc
 create mode 100644 node_modules/qs/CHANGELOG.md
 create mode 100644 node_modules/qs/LICENSE.md
 create mode 100644 node_modules/qs/README.md
 create mode 100644 node_modules/qs/dist/qs.js
 create mode 100644 node_modules/qs/lib/formats.js
 create mode 100644 node_modules/qs/lib/index.js
 create mode 100644 node_modules/qs/lib/parse.js
 create mode 100644 node_modules/qs/lib/stringify.js
 create mode 100644 node_modules/qs/lib/utils.js
 create mode 100644 node_modules/qs/package.json
 create mode 100644 node_modules/qs/test/parse.js
 create mode 100644 node_modules/qs/test/stringify.js
 create mode 100644 node_modules/qs/test/utils.js
 create mode 100644 node_modules/semver/LICENSE
 create mode 100644 node_modules/semver/README.md
 create mode 100644 node_modules/semver/bin/semver.js
 create mode 100644 node_modules/semver/classes/comparator.js
 create mode 100644 node_modules/semver/classes/index.js
 create mode 100644 node_modules/semver/classes/range.js
 create mode 100644 node_modules/semver/classes/semver.js
 create mode 100644 node_modules/semver/functions/clean.js
 create mode 100644 node_modules/semver/functions/cmp.js
 create mode 100644 node_modules/semver/functions/coerce.js
 create mode 100644 node_modules/semver/functions/compare-build.js
 create mode 100644 node_modules/semver/functions/compare-loose.js
 create mode 100644 node_modules/semver/functions/compare.js
 create mode 100644 node_modules/semver/functions/diff.js
 create mode 100644 node_modules/semver/functions/eq.js
 create mode 100644 node_modules/semver/functions/gt.js
 create mode 100644 node_modules/semver/functions/gte.js
 create mode 100644 node_modules/semver/functions/inc.js
 create mode 100644 node_modules/semver/functions/lt.js
 create mode 100644 node_modules/semver/functions/lte.js
 create mode 100644 node_modules/semver/functions/major.js
 create mode 100644 node_modules/semver/functions/minor.js
 create mode 100644 node_modules/semver/functions/neq.js
 create mode 100644 node_modules/semver/functions/parse.js
 create mode 100644 node_modules/semver/functions/patch.js
 create mode 100644 node_modules/semver/functions/prerelease.js
 create mode 100644 node_modules/semver/functions/rcompare.js
 create mode 100644 node_modules/semver/functions/rsort.js
 create mode 100644 node_modules/semver/functions/satisfies.js
 create mode 100644 node_modules/semver/functions/sort.js
 create mode 100644 node_modules/semver/functions/valid.js
 create mode 100644 node_modules/semver/index.js
 create mode 100644 node_modules/semver/internal/constants.js
 create mode 100644 node_modules/semver/internal/debug.js
 create mode 100644 node_modules/semver/internal/identifiers.js
 create mode 100644 node_modules/semver/internal/parse-options.js
 create mode 100644 node_modules/semver/internal/re.js
 create mode 100644 node_modules/semver/package.json
 create mode 100644 node_modules/semver/preload.js
 create mode 100644 node_modules/semver/range.bnf
 create mode 100644 node_modules/semver/ranges/gtr.js
 create mode 100644 node_modules/semver/ranges/intersects.js
 create mode 100644 node_modules/semver/ranges/ltr.js
 create mode 100644 node_modules/semver/ranges/max-satisfying.js
 create mode 100644 node_modules/semver/ranges/min-satisfying.js
 create mode 100644 node_modules/semver/ranges/min-version.js
 create mode 100644 node_modules/semver/ranges/outside.js
 create mode 100644 node_modules/semver/ranges/simplify.js
 create mode 100644 node_modules/semver/ranges/subset.js
 create mode 100644 node_modules/semver/ranges/to-comparators.js
 create mode 100644 node_modules/semver/ranges/valid.js
 create mode 100644 node_modules/side-channel/.eslintignore
 create mode 100644 node_modules/side-channel/.eslintrc
 create mode 100644 node_modules/side-channel/.github/FUNDING.yml
 create mode 100644 node_modules/side-channel/.nycrc
 create mode 100644 node_modules/side-channel/CHANGELOG.md
 create mode 100644 node_modules/side-channel/LICENSE
 create mode 100644 node_modules/side-channel/README.md
 create mode 100644 node_modules/side-channel/index.js
 create mode 100644 node_modules/side-channel/package.json
 create mode 100644 node_modules/side-channel/test/index.js
 create mode 100644 node_modules/superagent/LICENSE
 create mode 100644 node_modules/superagent/README.md
 create mode 100644 node_modules/superagent/dist/superagent.js
 create mode 100644 node_modules/superagent/dist/superagent.min.js
 create mode 100644 node_modules/superagent/lib/agent-base.js
 create mode 100644 node_modules/superagent/lib/client.js
 create mode 100644 node_modules/superagent/lib/node/agent.js
 create mode 100644 node_modules/superagent/lib/node/http2wrapper.js
 create mode 100644 node_modules/superagent/lib/node/index.js
 create mode 100644 node_modules/superagent/lib/node/parsers/image.js
 create mode 100644 node_modules/superagent/lib/node/parsers/index.js
 create mode 100644 node_modules/superagent/lib/node/parsers/json.js
 create mode 100644 node_modules/superagent/lib/node/parsers/text.js
 create mode 100644 node_modules/superagent/lib/node/parsers/urlencoded.js
 create mode 100644 node_modules/superagent/lib/node/response.js
 create mode 100644 node_modules/superagent/lib/node/unzip.js
 create mode 100644 node_modules/superagent/lib/request-base.js
 create mode 100644 node_modules/superagent/lib/response-base.js
 create mode 100644 node_modules/superagent/lib/utils.js
 create mode 100644 node_modules/superagent/node_modules/dezalgo/LICENSE
 create mode 100644 node_modules/superagent/node_modules/dezalgo/README.md
 create mode 100644 node_modules/superagent/node_modules/dezalgo/dezalgo.js
 create mode 100644 node_modules/superagent/node_modules/dezalgo/package.json
 create mode 100644 node_modules/superagent/node_modules/formidable/CHANGELOG.md
 create mode 100644 node_modules/superagent/node_modules/formidable/LICENSE
 create mode 100644 node_modules/superagent/node_modules/formidable/README.md
 create mode 100644 node_modules/superagent/node_modules/formidable/package.json
 create mode 100644 node_modules/superagent/node_modules/formidable/src/Formidable.js
 create mode 100644 node_modules/superagent/node_modules/formidable/src/FormidableError.js
 create mode 100644 node_modules/superagent/node_modules/formidable/src/PersistentFile.js
 create mode 100644 node_modules/superagent/node_modules/formidable/src/VolatileFile.js
 create mode 100644 node_modules/superagent/node_modules/formidable/src/index.js
 create mode 100644 node_modules/superagent/node_modules/formidable/src/parsers/Dummy.js
 create mode 100644 node_modules/superagent/node_modules/formidable/src/parsers/JSON.js
 create mode 100644 node_modules/superagent/node_modules/formidable/src/parsers/Multipart.js
 create mode 100644 node_modules/superagent/node_modules/formidable/src/parsers/OctetStream.js
 create mode 100644 node_modules/superagent/node_modules/formidable/src/parsers/Querystring.js
 create mode 100644 node_modules/superagent/node_modules/formidable/src/parsers/StreamingQuerystring.js
 create mode 100644 node_modules/superagent/node_modules/formidable/src/parsers/index.js
 create mode 100644 node_modules/superagent/node_modules/formidable/src/plugins/index.js
 create mode 100644 node_modules/superagent/node_modules/formidable/src/plugins/json.js
 create mode 100644 node_modules/superagent/node_modules/formidable/src/plugins/multipart.js
 create mode 100644 node_modules/superagent/node_modules/formidable/src/plugins/octetstream.js
 create mode 100644 node_modules/superagent/node_modules/formidable/src/plugins/querystring.js
 create mode 100644 node_modules/superagent/package.json
 create mode 100644 node_modules/wrappy/LICENSE
 create mode 100644 node_modules/wrappy/README.md
 create mode 100644 node_modules/wrappy/package.json
 create mode 100644 node_modules/wrappy/wrappy.js
 create mode 100644 node_modules/yallist/LICENSE
 create mode 100644 node_modules/yallist/README.md
 create mode 100644 node_modules/yallist/iterator.js
 create mode 100644 node_modules/yallist/package.json
 create mode 100644 node_modules/yallist/yallist.js
 create mode 100644 package-lock.json
 create mode 100644 package.json
 create mode 100644 terminal commands with outputs.txt
PS D:\web-dev\react_solidsail.course\newsy_hacker-news>clear





PS D:\web-dev\react_solidsail.course\newsy_hacker-news> git push 
Enumerating objects: 442, done.
Counting objects: 100% (442/442), done.
Delta compression using up to 8 threads
Compressing objects: 100% (421/421), done.
Writing objects: 100% (441/441), 504.61 KiB | 3.63 MiB/s, done.
Total 441 (delta 57), reused 0 (delta 0), pack-reused 0
remote: Resolving deltas: 100% (57/57), done.
To https://github.com/suvrajeet01/newsy_hacker-news.git
   bfcc348..7a5dbc1  trunk -> trunk
PS D:\web-dev\react_solidsail.course\newsy_hacker-news> git status
On branch trunk
Your branch is up to date with 'origin/trunk'.

nothing to commit, working tree clean
PS D:\web-dev\react_solidsail.course\newsy_hacker-news> 